Compiling 27 files with Solc 0.8.33
installing solc version "0.8.33"
Successfully installed solc 0.8.33
Solc 0.8.33 finished in 1.22s
Compiler run successful with warnings:
Warning (5159): "selfdestruct" has been deprecated. Note that, starting from the Cancun hard fork, the underlying opcode no longer deletes the code and data associated with an account and only transfers its Ether to the beneficiary, unless executed in the same transaction in which the contract was created (see EIP-6780). Any use in newly deployed contracts is strongly discouraged even if the new behavior is taken into account. Future changes to the EVM might further reduce the functionality of the opcode.
  --> src/Controls.sol:16:9:
   |
16 |         selfdestruct(payable(msg.sender)); // NO access control -> P2 must fire
   |         ^^^^^^^^^^^^

note[unaliased-plain-import]: use named imports '{A, B}' or alias 'import ".." as X'
 --> test/kontrol/KontrolTest.sol:2:8
  |
2 | import "forge-std/Vm.sol";
  |        ^^^^^^^^^^^^^^^^^^
  |
  = help: https://book.getfoundry.sh/reference/forge/forge-lint#unaliased-plain-import

note[unaliased-plain-import]: use named imports '{A, B}' or alias 'import ".." as X'
 --> test/kontrol/KontrolTest.sol:3:8
  |
3 | import "forge-std/Test.sol";
  |        ^^^^^^^^^^^^^^^^^^^^
  |
  = help: https://book.getfoundry.sh/reference/forge/forge-lint#unaliased-plain-import

note[unaliased-plain-import]: use named imports '{A, B}' or alias 'import ".." as X'
 --> test/kontrol/KontrolTest.sol:4:8
  |
4 | import "kontrol-cheatcodes/KontrolCheats.sol";
  |        ^^^^^^^^^^^^^^^^^^^^^^^^^^^^^^^^^^^^^^
  |
  = help: https://book.getfoundry.sh/reference/forge/forge-lint#unaliased-plain-import

